// Jest Snapshot v1, https://goo.gl/fbAQLP

exports[`itemSnapshot 1`] = `
<DocumentFragment>
  <section
    class="ant-layout ant-layout-has-sider"
    style="height: 100%; flex-direction: row; align-items: stretch; display: flex;"
  >
    <aside
      class="ant-layout-sider ant-layout-sider-light"
      style="height: 100%; flex: 0 0 200px; max-width: 200px; min-width: 200px; width: 200px;"
    >
      <div
        class="ant-layout-sider-children"
      >
        <div
          style="height: 100%; display: flex; flex-direction: column;"
        >
          <div
            class="undefined "
            style="position: relative; flex: 1; overflow: auto; margin: 3px 0px;"
          >
            <div
              style="height: 100%; overflow: auto;"
            >
              <div
                class="selectable-div"
              >
                0. null
              </div>
              <div
                class="selectable-div"
              >
                1. -----保留
              </div>
              <div
                class="selectable-div"
              >
                2. 
              </div>
              <div
                class="selectable-div"
              >
                3. 
              </div>
              <div
                class="selectable-div"
              >
                4. 
              </div>
              <div
                class="selectable-div"
              >
                5. 
              </div>
              <div
                class="selectable-div"
              >
                6. -----恢复物品
              </div>
              <div
                class="selectable-div"
              >
                7. 药水
              </div>
              <div
                class="selectable-div"
              >
                8. 超级药水
              </div>
              <div
                class="selectable-div"
              >
                9. 痊愈药水
              </div>
              <div
                class="selectable-div"
              >
                10. 魔力水
              </div>
              <div
                class="selectable-div"
              >
                11. 兴奋剂
              </div>
              <div
                class="selectable-div"
              >
                12. 驱散草药
              </div>
              <div
                class="selectable-div"
              >
                13. 解毒剂
              </div>
              <div
                class="selectable-div"
              >
                14. 奇迹水滴
              </div>
              <div
                class="selectable-div"
              >
                15. 万能药
              </div>
              <div
                class="selectable-div"
              >
                16. 
              </div>
              <div
                class="selectable-div"
              >
                17. -----特别物品
              </div>
              <div
                class="selectable-div"
              >
                18. 遇敌减少器
              </div>
              <div
                class="selectable-div"
              >
                19. 掉落增加器
              </div>
              <div
                class="selectable-div"
              >
                20. 
              </div>
              <div
                class="selectable-div"
              >
                21. 
              </div>
              <div
                class="selectable-div"
              >
                22. -----增强物品
              </div>
              <div
                class="selectable-div"
              >
                23. HP增强剂
              </div>
              <div
                class="selectable-div"
              >
                24. MP增强剂
              </div>
              <div
                class="selectable-div"
              >
                25. 攻击增强剂
              </div>
              <div
                class="selectable-div"
              >
                26. 防御增强剂
              </div>
              <div
                class="selectable-div"
              >
                27. 魔力增强剂
              </div>
              <div
                class="selectable-div"
              >
                28. 抗性增强剂
              </div>
              <div
                class="selectable-div"
              >
                29. 敏捷增强剂
              </div>
              <div
                class="selectable-div"
              >
                30. 幸运增强剂
              </div>
            </div>
            <div
              class="selectable-selectbox"
              style="left: 0px; top: 0px; width: 0px; height: 0px; z-index: 9000; position: absolute; cursor: default; will-change: transform; transform: translateZ(0);"
            />
          </div>
          <button
            class="ant-btn ant-btn-dashed ant-btn-sm ant-btn-block"
            style="margin: 3px; width: auto;"
            type="button"
          >
            <span
              aria-label="plus"
              class="anticon anticon-plus"
              role="img"
            >
              <svg
                aria-hidden="true"
                data-icon="plus"
                fill="currentColor"
                focusable="false"
                height="1em"
                viewBox="64 64 896 896"
                width="1em"
              >
                <defs>
                  <style />
                </defs>
                <path
                  d="M482 152h60q8 0 8 8v704q0 8-8 8h-60q-8 0-8-8V160q0-8 8-8z"
                />
                <path
                  d="M176 474h672q8 0 8 8v60q0 8-8 8H176q-8 0-8-8v-60q0-8 8-8z"
                />
              </svg>
            </span>
            <span>
              Item
            </span>
          </button>
        </div>
      </div>
    </aside>
    <main
      class="ant-layout-content"
      style="height: 100%; overflow: auto;"
    >
      <div
        class="ant-card ant-card-bordered ant-card-small"
      >
        <div
          class="ant-card-head"
        >
          <div
            class="ant-card-head-wrapper"
          >
            <div
              class="ant-card-head-title"
            >
              <div
                class="ant-space ant-space-horizontal ant-space-align-center"
              >
                <div
                  class="ant-space-item"
                >
                  <span
                    style="width: 100px;"
                    title="0"
                  >
                    0
                  </span>
                </div>
              </div>
            </div>
            <div
              class="ant-card-extra"
            >
              <div
                class="ant-space ant-space-horizontal ant-space-align-center"
              >
                <div
                  class="ant-space-item"
                  style="margin-right: 8px;"
                >
                  <span>
                    null
                  </span>
                </div>
                <div
                  class="ant-space-item"
                >
                  <button
                    class="ant-btn ant-btn-circle ant-btn-default ant-btn-sm ant-btn-icon-only"
                    type="button"
                  >
                    <span
                      aria-label="arrow-down"
                      class="anticon anticon-arrow-down"
                      role="img"
                    >
                      <svg
                        aria-hidden="true"
                        data-icon="arrow-down"
                        fill="currentColor"
                        focusable="false"
                        height="1em"
                        viewBox="64 64 896 896"
                        width="1em"
                      >
                        <path
                          d="M862 465.3h-81c-4.6 0-9 2-12.1 5.5L550 723.1V160c0-4.4-3.6-8-8-8h-60c-4.4 0-8 3.6-8 8v563.1L255.1 470.8c-3-3.5-7.4-5.5-12.1-5.5h-81c-6.8 0-10.5 8.1-6 13.2L487.9 861a31.96 31.96 0 0048.3 0L868 478.5c4.5-5.2.8-13.2-6-13.2z"
                        />
                      </svg>
                    </span>
                  </button>
                </div>
              </div>
            </div>
          </div>
        </div>
        <div
          class="ant-card-body"
          style="display: none;"
        />
      </div>
    </main>
  </section>
</DocumentFragment>
`;
